{-# LANGUAGE CApiFFI #-}
module Main (main) where
foo = capi
