ParseFailed (SrcLoc "tests/examples/DoRec.hs" 3 15) "Parse error: let"
