ParseFailed (SrcLoc "tests/examples/EqualityConstraints2.hs" 1 19) "TypeFamilies or GADTs is not enabled"
