ParseFailed (SrcLoc "tests/examples/ForallInInstance.hs" 5 1) "Illegal instance declaration"
