ParseFailed (SrcLoc "tests/examples/GADTRecord.hs" 4 8) "Parse error: {"
