ParseFailed (SrcLoc "tests/examples/IllDataTypeDecl.hs" 5 1) "Illegal data/newtype declaration"
