ParseOk (Module (SrcSpanInfo {srcInfoSpan = SrcSpan {srcSpanFilename = "tests/examples/InlineConlike.hs", srcSpanStartLine = 1, srcSpanStartColumn = 1, srcSpanEndLine = 4, srcSpanEndColumn = 1}, srcInfoPoints = [SrcSpan {srcSpanFilename = "tests/examples/InlineConlike.hs", srcSpanStartLine = 1, srcSpanStartColumn = 1, srcSpanEndLine = 1, srcSpanEndColumn = 1},SrcSpan {srcSpanFilename = "tests/examples/InlineConlike.hs", srcSpanStartLine = 1, srcSpanStartColumn = 1, srcSpanEndLine = 1, srcSpanEndColumn = 1},SrcSpan {srcSpanFilename = "tests/examples/InlineConlike.hs", srcSpanStartLine = 1, srcSpanStartColumn = 1, srcSpanEndLine = 1, srcSpanEndColumn = 1},SrcSpan {srcSpanFilename = "tests/examples/InlineConlike.hs", srcSpanStartLine = 2, srcSpanStartColumn = 1, srcSpanEndLine = 2, srcSpanEndColumn = 1},SrcSpan {srcSpanFilename = "tests/examples/InlineConlike.hs", srcSpanStartLine = 3, srcSpanStartColumn = 1, srcSpanEndLine = 3, srcSpanEndColumn = 1},SrcSpan {srcSpanFilename = "tests/examples/InlineConlike.hs", srcSpanStartLine = 4, srcSpanStartColumn = 1, srcSpanEndLine = 4, srcSpanEndColumn = 1},SrcSpan {srcSpanFilename = "tests/examples/InlineConlike.hs", srcSpanStartLine = 4, srcSpanStartColumn = 1, srcSpanEndLine = 4, srcSpanEndColumn = 1}]}) Nothing [] [] [InlineConlikeSig (SrcSpanInfo {srcInfoSpan = SrcSpan {srcSpanFilename = "tests/examples/InlineConlike.hs", srcSpanStartLine = 1, srcSpanStartColumn = 1, srcSpanEndLine = 1, srcSpanEndColumn = 28}, srcInfoPoints = [SrcSpan {srcSpanFilename = "tests/examples/InlineConlike.hs", srcSpanStartLine = 1, srcSpanStartColumn = 1, srcSpanEndLine = 1, srcSpanEndColumn = 19},SrcSpan {srcSpanFilename = "tests/examples/InlineConlike.hs", srcSpanStartLine = 1, srcSpanStartColumn = 25, srcSpanEndLine = 1, srcSpanEndColumn = 28}]}) Nothing (UnQual (SrcSpanInfo {srcInfoSpan = SrcSpan {srcSpanFilename = "tests/examples/InlineConlike.hs", srcSpanStartLine = 1, srcSpanStartColumn = 20, srcSpanEndLine = 1, srcSpanEndColumn = 24}, srcInfoPoints = []}) (Ident (SrcSpanInfo {srcInfoSpan = SrcSpan {srcSpanFilename = "tests/examples/InlineConlike.hs", srcSpanStartLine = 1, srcSpanStartColumn = 20, srcSpanEndLine = 1, srcSpanEndColumn = 24}, srcInfoPoints = []}) "size")),TypeSig (SrcSpanInfo {srcInfoSpan = SrcSpan {srcSpanFilename = "tests/examples/InlineConlike.hs", srcSpanStartLine = 2, srcSpanStartColumn = 1, srcSpanEndLine = 2, srcSpanEndColumn = 12}, srcInfoPoints = [SrcSpan {srcSpanFilename = "tests/examples/InlineConlike.hs", srcSpanStartLine = 2, srcSpanStartColumn = 6, srcSpanEndLine = 2, srcSpanEndColumn = 8}]}) [Ident (SrcSpanInfo {srcInfoSpan = SrcSpan {srcSpanFilename = "tests/examples/InlineConlike.hs", srcSpanStartLine = 2, srcSpanStartColumn = 1, srcSpanEndLine = 2, srcSpanEndColumn = 5}, srcInfoPoints = []}) "size"] (TyCon (SrcSpanInfo {srcInfoSpan = SrcSpan {srcSpanFilename = "tests/examples/InlineConlike.hs", srcSpanStartLine = 2, srcSpanStartColumn = 9, srcSpanEndLine = 2, srcSpanEndColumn = 12}, srcInfoPoints = []}) (UnQual (SrcSpanInfo {srcInfoSpan = SrcSpan {srcSpanFilename = "tests/examples/InlineConlike.hs", srcSpanStartLine = 2, srcSpanStartColumn = 9, srcSpanEndLine = 2, srcSpanEndColumn = 12}, srcInfoPoints = []}) (Ident (SrcSpanInfo {srcInfoSpan = SrcSpan {srcSpanFilename = "tests/examples/InlineConlike.hs", srcSpanStartLine = 2, srcSpanStartColumn = 9, srcSpanEndLine = 2, srcSpanEndColumn = 12}, srcInfoPoints = []}) "Int"))),PatBind (SrcSpanInfo {srcInfoSpan = SrcSpan {srcSpanFilename = "tests/examples/InlineConlike.hs", srcSpanStartLine = 3, srcSpanStartColumn = 1, srcSpanEndLine = 3, srcSpanEndColumn = 10}, srcInfoPoints = []}) (PVar (SrcSpanInfo {srcInfoSpan = SrcSpan {srcSpanFilename = "tests/examples/InlineConlike.hs", srcSpanStartLine = 3, srcSpanStartColumn = 1, srcSpanEndLine = 3, srcSpanEndColumn = 5}, srcInfoPoints = []}) (Ident (SrcSpanInfo {srcInfoSpan = SrcSpan {srcSpanFilename = "tests/examples/InlineConlike.hs", srcSpanStartLine = 3, srcSpanStartColumn = 1, srcSpanEndLine = 3, srcSpanEndColumn = 5}, srcInfoPoints = []}) "size")) Nothing (UnGuardedRhs (SrcSpanInfo {srcInfoSpan = SrcSpan {srcSpanFilename = "tests/examples/InlineConlike.hs", srcSpanStartLine = 3, srcSpanStartColumn = 6, srcSpanEndLine = 3, srcSpanEndColumn = 10}, srcInfoPoints = [SrcSpan {srcSpanFilename = "tests/examples/InlineConlike.hs", srcSpanStartLine = 3, srcSpanStartColumn = 6, srcSpanEndLine = 3, srcSpanEndColumn = 7}]}) (Lit (SrcSpanInfo {srcInfoSpan = SrcSpan {srcSpanFilename = "tests/examples/InlineConlike.hs", srcSpanStartLine = 3, srcSpanStartColumn = 8, srcSpanEndLine = 3, srcSpanEndColumn = 10}, srcInfoPoints = []}) (Int (SrcSpanInfo {srcInfoSpan = SrcSpan {srcSpanFilename = "tests/examples/InlineConlike.hs", srcSpanStartLine = 3, srcSpanStartColumn = 8, srcSpanEndLine = 3, srcSpanEndColumn = 10}, srcInfoPoints = []}) 64 "64"))) Nothing],[])
