module Main (main) where
 
{-# INLINE CONLIKE size #-}
 
size :: Int
size = 64
