ParseFailed (SrcLoc "tests/examples/QQType.hs" 7 23) "Parse error: $("
