ParseFailed (SrcLoc "tests/examples/QuasiQuoteSplice.hs" 8 42) "Parse error: $("
