ParseFailed (SrcLoc "tests/examples/RCategory.lhs" 19 3) "DataKinds is not enabled"
