ParseFailed (SrcLoc "tests/examples/THTypes.hs" 9 23) "Parse error: $("
