ParseFailed (SrcLoc "tests/examples/Unpack.hs" 4 21) "Parse error: {-# UNPACK"
